// Jest Snapshot v1, https://goo.gl/fbAQLP

exports[`renders correctly  1`] = `
<button
  className="btn undefined"
>
  <div
    className="inner-btn-container"
  >
    <i
      class="material-icons"
    />
    <span />
  </div>
</button>
`;
