// Jest Snapshot v1, https://goo.gl/fbAQLP

exports[`renders correctly  1`] = `
<div
  className="sound"
>
  <audio
    autoPlay={true}
    className="soundPlayer"
    controls={true}
    loop={true}
    preload="auto"
    type="audio/mpeg"
  />
</div>
`;
