// Jest Snapshot v1, https://goo.gl/fbAQLP

exports[`Testing app renders correctly 1`] = `
<div
  className="app"
>
  <main>
    <div
      className="grid-container"
    >
      <div
        className="tabs-bar"
      >
        <div
          className="tabdisplay"
        >
          <div
            className="tabchoice"
          >
            <button
              className="combination"
              id="combination1"
              onClick={[Function]}
              value={1}
            >
              Kombinasjon 
              1
            </button>
          </div>
          <div
            className="tabchoice"
          >
            <button
              className="combination"
              id="combination2"
              onClick={[Function]}
              value={2}
            >
              Kombinasjon 
              2
            </button>
          </div>
          <div
            className="tabchoice"
          >
            <button
              className="combination"
              id="combination3"
              onClick={[Function]}
              value={3}
            >
              Kombinasjon 
              3
            </button>
          </div>
          <div
            className="tabchoice"
          >
            <button
              className="combination"
              id="combination4"
              onClick={[Function]}
              value={4}
            >
              Kombinasjon 
              4
            </button>
          </div>
        </div>
      </div>
      <div
        className="maindisp"
      >
        <div
          className="maindisplay"
        >
          <div>
            <h2>
              Velkommen! 
            </h2>
            <p>
              Vennligst velg tre kategorier per medietype i vindu til h√∏yre.
            </p>
            <div
              className="sound"
            >
              <audio
                autoPlay={true}
                className="soundPlayer"
                controls={true}
                loop={true}
                preload="auto"
                type="audio/mpeg"
              />
            </div>
          </div>
          <div
            className="favorite-buttons"
          >
            <button
              className="btn delete"
              onClick={[Function]}
            >
              <h3>
                Hent favoritt kombinasjon
              </h3>
            </button>
            <button
              className="btn favorite"
              onClick={[Function]}
            >
              <h3>
                Lagre Kombinasjon
              </h3>
            </button>
          </div>
        </div>
      </div>
      <div
        className="sidebar-category"
      >
        <div
          className="sidebar"
        >
          <h3>
            Kategorier
          </h3>
          <div
            className="choice-form"
          >
            <h3>
              Sound
            </h3>
            <form>
              <label>
                <input
                  checked={true}
                  name="category"
                  onChange={[Function]}
                  type="radio"
                  value="Nature"
                />
                Nature
              </label>
              <label>
                <input
                  checked={false}
                  name="category"
                  onChange={[Function]}
                  type="radio"
                  value="Piano"
                />
                Piano
              </label>
              <label>
                <input
                  checked={false}
                  name="category"
                  onChange={[Function]}
                  type="radio"
                  value="City Life"
                />
                City Life
              </label>
            </form>
          </div>
          <div
            className="choice-form"
          >
            <h3>
              Tekst
            </h3>
            <form>
              <label>
                <input
                  checked={true}
                  name="category"
                  onChange={[Function]}
                  type="radio"
                  value="Emosjoner"
                />
                Emosjoner
              </label>
              <label>
                <input
                  checked={false}
                  name="category"
                  onChange={[Function]}
                  type="radio"
                  value="Farger"
                />
                Farger
              </label>
              <label>
                <input
                  checked={false}
                  name="category"
                  onChange={[Function]}
                  type="radio"
                  value="Dyr"
                />
                Dyr
              </label>
            </form>
          </div>
          <div
            className="choice-form"
          >
            <h3>
              Bilder
            </h3>
            <form>
              <label>
                <input
                  checked={true}
                  name="category"
                  onChange={[Function]}
                  type="radio"
                  value="Animals"
                />
                Animals
              </label>
              <label>
                <input
                  checked={false}
                  name="category"
                  onChange={[Function]}
                  type="radio"
                  value="Cats"
                />
                Cats
              </label>
              <label>
                <input
                  checked={false}
                  name="category"
                  onChange={[Function]}
                  type="radio"
                  value="Rats"
                />
                Rats
              </label>
            </form>
          </div>
        </div>
      </div>
    </div>
  </main>
</div>
`;
